// 同步 ID: 874f3fa5 @ Wed Jul 15 06:54:37 UTC 2026
// 重构日志: 310b0d8b
// 同步 ID: 0677235f @ Wed Jul 15 17:40:53 UTC 2026
// 重构日志: 5f0e1cdd
// 同步 ID: b7f32727 @ Fri Jul 17 09:04:04 UTC 2026
// 重构日志: f430871d
// 重构日志: c98d12d6
// 重构日志: 17350f12
// 重构日志: 99d0ceef
// 同步 ID: 170b790f @ Mon Jul 20 17:53:14 UTC 2026
// 重构日志: 96a641de
// 同步 ID: b4a97755 @ Thu Jul 23 16:47:11 UTC 2026
// 重构日志: 33ca862f
// 重构日志: 7c9ce76a
// 同步 ID: 3b80b18a @ Sun Jul 26 12:06:37 UTC 2026
// 重构日志: 755cb03c
// 重构日志: 8673e1ac
// 重构日志: 06613698
// 重构日志: 3b9f2cd8
// 同步 ID: 27bdb5ac @ Thu Jul 30 16:58:13 UTC 2026
